
> Task :compileJava
./gradlew : C:\hackat
hon\denticheck\api\sr
c\main\java\com\denti
check\api\domain\hosp
ital\service\impl\Hos
pitalServiceImpl.java
:4: error: cannot fin
d symbol
위치 줄:1 문자:1
+ ./gradlew classes >
 build_output.txt 2>&
1; Get-Content build_
output.t ...
+ ~~~~~~~~~~~~~~~~~~~
~~~~~~~~~~~~~~~~~~~~~
~
    + CategoryInfo   
           : NotSpeci
fied: (C    :\hackath
on\de...not     find 
symbol:String) [    ]
, RemoteException
    + FullyQualifiedE
rror    Id : NativeCo
mmandErr    or
 
import com.denticheck
.api.domain.hospital.
entity.UserHospitalEn
tity;
                     
                     
      ^
  symbol:   class Use
rHospitalEntity
  location: package c
om.denticheck.api.dom
ain.hospital.entity
C:\hackathon\dentiche
ck\api\src\main\java\
com\denticheck\api\do
main\hospital\service
\impl\HospitalService
Impl.java:6: error: c
annot find symbol
import com.denticheck
.api.domain.hospital.
repository.UserHospit
alRepository;
                     
                     
          ^
  symbol:   class Use
rHospitalRepository
  location: package c
om.denticheck.api.dom
ain.hospital.reposito
ry
C:\hackathon\dentiche
ck\api\src\main\java\
com\denticheck\api\do
main\hospital\service
\impl\HospitalService
Impl.java:7: error: c
annot find symbol
import com.denticheck
.api.domain.hospital.
service.HospitalServi
ce;
                     
                     
       ^
  symbol:   class Hos
pitalService
  location: package c
om.denticheck.api.dom
ain.hospital.service
C:\hackathon\dentiche
ck\api\src\main\java\
com\denticheck\api\do
main\hospital\service
\impl\HospitalService
Impl.java:21: error: 
cannot find symbol
public class Hospital
ServiceImpl implement
s HospitalService {
                     
                     
  ^
  symbol: class Hospi
talService
C:\hackathon\dentiche
ck\api\src\main\java\
com\denticheck\api\do
main\hospital\service
\impl\HospitalService
Impl.java:24: error: 
cannot find symbol
    private final Use
rHospitalRepository u
serHospitalRepository
;
                  ^
  symbol:   class Use
rHospitalRepository
  location: class Hos
pitalServiceImpl
C:\hackathon\dentiche
ck\api\src\main\java\
com\denticheck\api\do
main\hospital\service
\impl\HospitalService
Impl.java:20: error: 
cannot find symbol
@RequiredArgsConstruc
tor
^
  symbol:   class Use
rHospitalRepository
  location: class Hos
pitalServiceImpl
C:\hackathon\dentiche
ck\api\src\main\java\
com\denticheck\api\gr
aphql\resolver\Hospit
alResolver.java:5: er
ror: cannot find symb
ol
import com.denticheck
.api.domain.hospital.
service.HospitalServi
ce;
                     
                     
       ^
  symbol:   class Hos
pitalService
  location: package c
om.denticheck.api.dom
ain.hospital.service
C:\hackathon\dentiche
ck\api\src\main\java\
com\denticheck\api\gr
aphql\resolver\Hospit
alResolver.java:19: e
rror: cannot find sym
bol
    private final Hos
pitalService hospital
Service;
                  ^
  symbol:   class Hos
pitalService
  location: class Hos
pitalResolver
C:\hackathon\dentiche
ck\api\src\main\java\
com\denticheck\api\gr
aphql\resolver\Hospit
alResolver.java:16: e
rror: cannot find sym
bol
@RequiredArgsConstruc
tor
^
  symbol:   class Hos
pitalService
  location: class Hos
pitalResolver
9 errors

> Task :compileJava FAILED

[Incubating] Problems report is available at: file:///C:/hackathon/denticheck/api/build/reports/problems/problems-report.html

FAILURE: Build failed
 with an exception.

* What went wrong:
Execution failed for 
task ':compileJava'.
> Compilation failed;
 see the compiler out
put below.
  C:\hackathon\dentic
heck\api\src\main\jav
a\com\denticheck\api\
domain\hospital\servi
ce\impl\HospitalServi
ceImpl.java:4: error:
 cannot find symbol
  import com.dentiche
ck.api.domain.hospita
l.entity.UserHospital
Entity;
                     
                     
        ^
    symbol:   class U
serHospitalEntity
    location: package
 com.denticheck.api.d
omain.hospital.entity
  9 errors

* Try:
> Check your code and
 dependencies to fix 
the compilation error
(s)
> Run with --scan to 
generate a Build Scan
 (powered by Develoci
ty).

BUILD FAILED in 4s
1 actionable task: 1 executed
