To honour the JVM settings for this build a single-use Daemon process will be forked. For more on this, please refer to https://docs.gradle.org/9.2.0/userguide/gradle_daemon.html#sec:disabling_the_daemon in the Gradle documentation.
Daemon will be stopped at the end of the build 

> Task :compileJava
./gradlew : C:\hackat
hon\denticheck\api\sr
c\main\java\com\denti
check\api\domain\admi
n\scheduler\AdminStat
sScheduler.java:6: er
ror: package com.dent
icheck.api.domain.hos
pital.repository does
 not exist
위치 줄:1 문자:1
+ ./gradlew compileJa
va --no-daemon > buil
d_errors.txt 2>&1
+ ~~~~~~~~~~~~~~~~~~~
~~~~~~~~~~~~~~~~~~~~~
~~~~~~~~~~~~~~~~~
    + CategoryInfo   
           : NotSpeci
fi    ed: (C:\hackath
on\    de... does not
 exi    st:String) []
, Rem    oteException
    + FullyQualifiedE
r    rorId : NativeCo
mm    andError
 
import com.denticheck
.api.domain.hospital.
repository.HospitalRe
pository;
                     
                     
          ^
C:\hackathon\dentiche
ck\api\src\main\java\
com\denticheck\api\do
main\admin\scheduler\
AdminStatsScheduler.j
ava:25: error: cannot
 find symbol
    private final Hos
pitalRepository hospi
talRepository;
                  ^
  symbol:   class Hos
pitalRepository
  location: class Adm
inStatsScheduler
C:\hackathon\dentiche
ck\api\src\main\java\
com\denticheck\api\do
main\admin\scheduler\
AdminStatsScheduler.j
ava:20: error: cannot
 find symbol
@RequiredArgsConstruc
tor
^
  symbol:   class Hos
pitalRepository
  location: class Adm
inStatsScheduler
3 errors

> Task :compileJava FAILED

[Incubating] Problems report is available at: file:///C:/hackathon/denticheck/api/build/reports/problems/problems-report.html

FAILURE: Build failed
 with an exception.

* What went wrong:
Execution failed for 
task ':compileJava'.
> Compilation failed;
 see the compiler out
put below.
  C:\hackathon\dentic
heck\api\src\main\jav
a\com\denticheck\api\
domain\admin\schedule
r\AdminStatsScheduler
.java:6: error: packa
ge com.denticheck.api
.domain.hospital.repo
sitory does not exist
  import com.dentiche
ck.api.domain.hospita
l.repository.Hospital
Repository;
                     
                     
            ^
  3 errors

* Try:
> Check your code and
 dependencies to fix 
the compilation error
(s)
> Run with --scan to 
generate a Build Scan
 (powered by Develoci
ty).

BUILD FAILED in 10s
1 actionable task: 1 executed
